// Jest Snapshot v1, https://goo.gl/fbAQLP

exports[`A HeaderRow renders component 1`] = `
<div
  className="MuiGrid-typeContainer-1 MuiGrid-spacing-xs-16-23 MuiGrid-justify-xs-center-18"
>
  <div
    className="MuiGrid-typeItem-2"
  >
    <img
      alt="header"
      src="test-file-stub"
      style={
        Object {
          "height": "200px",
          "marginBottom": "20px",
        }
      }
    />
  </div>
</div>
`;
