// Jest Snapshot v1, https://goo.gl/fbAQLP

exports[`A ListRow renders component 1`] = `
<div
  className="row"
>
  <div
    className="col-lg-6 col-lg-offset-3 col-sm-8 col-sm-offset-2"
  >
    <List />
  </div>
</div>
`;
